==================== serve_harness pre-flight (CONFIRM before run) ====================
  model         : /home/amitsheokand/.hipfire/models/ornith-1.5-35b-a3b.mq4
  registry tag  : ornith-1.5:35b-a3b
  kv_mode       : q8 [explicit(--kv)]   kv_backend: contiguous [default(contiguous)]   mtp_mode: on   mode: battery
  max_seq       : 32768 [default(32768)]
  dflash        : off   draft: (none / filename auto-match)
  ngram         : off   ngram_k: (loader default 12)
  mtp_ngram     : off   (off / default gate 24/48/64 when enabled)
  speculation   : mtp   <-- OVERRIDES dflash/mtp
  ds4 experts/tok: (checkpoint default)
  ds4 placement : single
  devices       : (runtime default)
  expert parallel: tp=1
  seed          : None   prompt_source: (built-in battery)
  thinking_budget: off -> thinking DISABLED (sentinel cap 1)
  reasoning_effort: none  (parent prompt semantics; independent of cap)
  max_tokens     : 64 [explicit(--max-tokens)]  (no think block emitted)
  sampling (what IS set):
      temperature       = 0.0      [explicit(greedy)]
      reasoning_effort  = none     [explicit(--thinking-effort)]
  sampling (NOT set, serve/daemon default applies): top_p, top_k, min_p, presence_penalty, repeat_penalty
=======================================================================================
  [serve warm; MTP head loaded lines=4]
### RUN ornith-1.5-35b-a3b.mq4|on|battery  kv=q8 sampling={'temperature': 0.0, 'reasoning_effort': 'none'} seed=None ###
  [code]t1  finish=length ctx=44     cached=0      gen=64   (think 0/ans 34w) prefill=50ms/862.7tok/s decode=158.8tok/s tau=2.74 !RUNAWAY | '```python\ndef merge_sorted(a, b):\n    """Merge two sorted lists into one sorted list (line'
  [reason]t2  finish=length ctx=55     cached=0      gen=64   (think 0/ans 26w) prefill=51ms/1054.4tok/s decode=144.5tok/s tau=2.52 !RUNAWAY | '# Total Distance Calculation\n\n## Step 1: Distance at 60 mph\n$$\\text{Distance} = \\text{Spee'
  [factual]t3  finish=length ctx=25     cached=0      gen=64   (think 0/ans 55w) prefill=34ms/727.5tok/s decode=123.2tok/s tau=2.1 !RUNAWAY | "The seasons on Earth are caused primarily by the tilt of Earth's axis, which is inclined a"
  [prose]t4  finish=length ctx=33     cached=0      gen=64   (think 0/ans 49w) prefill=39ms/832.1tok/s decode=104.0tok/s tau=1.75 !RUNAWAY | "Elias had tended the lighthouse for thirty years and thought he'd seen every secret the se"
  [instruct]t5  finish=length ctx=31     cached=0      gen=64   (think 0/ans 52w) prefill=37ms/829.3tok/s decode=111.9tok/s tau=1.91 !RUNAWAY | '1. Keep functions small and focused, with each doing one thing well to make them easy to t'
[ornith-1.5-35b-a3b.mq4|on|battery DONE] turns=5 runaway=5 empty=0 attractor=0 retrieval_miss=0 avg_prefill=861.2tok/s avg_decode=128.5tok/s ngram=0/0@0.00
  prompt_md5=43ca0d15712d3dfb777b51ae76d8fd5f request_md5=28a4c23124359e7ae6811f0ac97db55b step=
  prompt_md5=640e0fd4f55996cb175a422f0a12cef5 request_md5=b7fb08e1fea87c9c635aadebb7317ff4 step=
  prompt_md5=8f66b4c97988825bd8e7840aaf44357e request_md5=eae481e0dce6beefef2d688c6295d3c0 step=
  prompt_md5=8fe0ad36f61bcf4992cc9df81cdf3817 request_md5=a286d93fb6f90de92175b79fa6028fca step=
  prompt_md5=8bed8e2d056dc1d47dccae9d32dbecf4 request_md5=4ad9888ba9150699eaff523192114240 step=
  daemon_binary_md5=ac20666040e01f998afe4e516509f38b path=/home/amitsheokand/dev/hipfire/target/release/daemon
